;; 
;;  This is file `gujr.map',
;;  generated with the docstrip utility.
;; 
;;  The original source files were:
;; 
;;  brahmic.dtx  (with options: `gujr,nukta')
;;  
;;  Copyright 2015 David M. Jones
;;  
;;  email: dmj@ams.org
;;  
;;  This work may be distributed and/or modified under the
;;  conditions of the LaTeX Project Public License, either version 1.3c
;;  of this license or (at your option) any later version.
;;  The latest version of this license is in
;;    http://www.latex-project.org/lppl.txt
;;  and version 1.3c or later is part of all distributions of LaTeX
;;  version 2005/12/01 or later.
;;  
;;  This work has the LPPL maintenance status `maintained'.
;;  
;;  The Current Maintainer of this work is David M. Jones.

LHSName "Unicode/ISO 15919"
RHSName "Unicode/Gujarati"
Version "0.00 beta"
Define a        U+0061
Define ae       U+00E6
Define b        U+0062
Define c        U+0063
Define d        U+0064
Define e        U+0065
Define f        U+0066
Define g        U+0067
Define h        U+0068
Define i        U+0069
Define j        U+006A
Define k        U+006B
Define l        U+006C
Define m        U+006D
Define n        U+006E
Define o        U+006F
Define p        U+0070
Define q        U+0071
Define r        U+0072
Define s        U+0073
Define t        U+0074
Define u        U+0075
Define v        U+0076
Define w        U+0077
; Define x        U+0078
Define y        U+0079
Define z        U+007A
Define ri       U+E000 ; PUA
Define lry      U+E001 ; PUA
Define apos     U+0027
; Define colon    U+003A ; predefined
Define degree   U+00B0
Define bar      U+007C

Define lbrack   U+005B
Define rbrack   U+005D
Define grave        U+0300
Define acute        U+0301
Define circumflex   U+0302
Define tildeabove   U+0303
Define macronabove  U+0304
Define breveabove   U+0306
Define dotabove     U+0307
Define dieresis     U+0308
Define vert         U+030D
Define CANDRABINDU  U+0310
Define dotbelow     U+0323
Define ringbelow    U+0325
Define ccedilla     U+0327
Define hookbelow    U+0328
Define brevebelow   U+032E
Define macronbelow  U+0331
Define danda    U+0964
Define dbldanda U+0965

Define zwnj     U+200C ; ZERO WIDTH NON-JOINER
Define zwj      U+200D ; ZERO WIDTH JOINER
Define hiatus   U+0020 ; SPACE
Define nbsp     U+00A0 ; NO-BREAK SPACE

Define NOTDEF   U+FFFD
Define candrabindu U+0A81
Define anusvara    U+0A82
Define visarga     U+0A83

Define asvara      U+0A85
Define Asvara      U+0A86

Define isvara      U+0A87
Define Isvara      U+0A88

Define usvara      U+0A89
Define Usvara      U+0A8A

Define rsvara      U+0A8B
Define lsvara      U+0A8C

Define esvara      U+0A8F
Define Esvara      U+0A8F
Define ecandra     U+0A8D
Define aisvara     U+0A90

Define osvara      U+0A93
Define Osvara      U+0A93
Define ocandra     U+0A91
Define ausvara     U+0A94

Define ka          U+0A95
Define kha         U+0A96
Define ga          U+0A97
Define gha         U+0A98
Define nga         U+0A99

Define ca          U+0A9A
Define cha         U+0A9B
Define ja          U+0A9C
Define jha         U+0A9D
Define nya         U+0A9E

Define tta         U+0A9F
Define ttha        U+0AA0
Define dda         U+0AA1
Define ddha        U+0AA2
Define nna         U+0AA3

Define ta          U+0AA4
Define tha         U+0AA5
Define da          U+0AA6
Define dha         U+0AA7
Define na          U+0AA8

Define pa          U+0AAA
Define pha         U+0AAB
Define ba          U+0AAC
Define bha         U+0AAD
Define ma          U+0AAE

Define ya          U+0AAF
Define ra          U+0AB0
Define la          U+0AB2
Define lla         U+0AB3
Define va          U+0AB5

Define sha         U+0AB6
Define ssa         U+0AB7
Define sa          U+0AB8
Define ha          U+0AB9

Define nukta       U+0ABC
Define avagraha    U+0ABD

Define Amatra      U+0ABE

Define imatra      U+0ABF
Define Imatra      U+0AC0

Define umatra      U+0AC1
Define Umatra      U+0AC2

Define rmatra      U+0AC3
Define Rmatra      U+0AC4

Define ematra      U+0AC7
Define Ematra      U+0AC7
Define ecandramatra U+0AC5
Define aimatra     U+0AC8

Define omatra       U+0ACB
Define Omatra       U+0ACB
Define ocandramatra U+0AC9
Define aumatra      U+0ACC

Define virama      U+0ACD
; Define om        U+0AD0

Define udatta      NOTDEF
Define anudatta    NOTDEF

Define qa          U+E003 ; PUA
Define khha        U+E006 ; PUA
Define ghha        U+E007 ; PUA
Define za          U+E008 ; PUA
Define rra         NOTDEF
Define rha         NOTDEF
Define fa          U+E009 ; PUA
Define yya         NOTDEF

Define Rsvara      U+0AE0
Define Lsvara      U+0AE1
Define lmatra      U+0AE2
Define Lmatra      U+0AE3

Define zero        U+0AE6
Define one         U+0AE7
Define two         U+0AE8
Define three       U+0AE9
Define four        U+0AEA
Define five        U+0AEB
Define six         U+0AEC
Define seven       U+0AED
Define eight       U+0AEE
Define nine        U+0AEF

Define abbrev      U+0AF0

; Define rupeemark NOTDEF
; Define rupeesign U+0AF1

Define extravyanjana fa ghha khha qa za
pass(NFD)
pass(Unicode)

UniClass[upper] = (U+0041 .. U+005A) ; A..Z
UniClass[lower] = (U+0061 .. U+007A) ; a..z

[upper] > [lower]
lbrack .* rbrack >
pass(Unicode)

l ringbelow > lry
r ringbelow > ri
i dieresis > zwnj i
u dieresis > zwnj u
macronbelow macronabove > macronabove macronbelow
macronbelow CANDRABINDU > CANDRABINDU macronbelow


pass(Unicode)
U+0030 > zero
U+0031 > one
U+0032 > two
U+0033 > three
U+0034 > four
U+0035 > five
U+0036 > six
U+0037 > seven
U+0038 > eight
U+0039 > nine
UniClass[short_in]  = (a      i      u      ri     lry)
UniClass[short_out] = (asvara isvara usvara rsvara lsvara)
UniClass[long_out]  = (Asvara Isvara Usvara Rsvara Lsvara)

[short_in] macronabove > [long_out]

[short_in] > [short_out]

u breveabove > usvara

e             > esvara
e macronabove > Esvara
a i           > aisvara

e circumflex > ecandra
o circumflex > ocandra

o             > osvara
o macronabove > Osvara
a u           > ausvara





apos > avagraha
vert        > udatta
macronbelow > anudatta
grave >
acute >
tildeabove >
m dotabove > anusvara
h dotbelow > visarga
m dotbelow > anusvara
m CANDRABINDU > candrabindu
n CANDRABINDU > candrabindu
q          <> qa
k macronbelow h macronbelow > khha
g dotabove > ghha
z > za
f > fa
k          <> ka
k h        <> kha
g          <> ga
g h        <> gha
n dotabove <> nga
c            <> ca
c h          <> cha
j            <> ja
j h          <> jha
n tildeabove <> nya
t dotbelow   <> tta
t dotbelow h <> ttha
d dotbelow   <> dda
d dotbelow h <> ddha
n dotbelow   <> nna



t       <> ta
t h     <> tha
d       <> da
d h     <> dha
n       <> na
p       <> pa
p h     <> pha
b       <> ba
b h     <> bha
m       <> ma
r macronbelow <> rra
y            <> ya
r breveabove > rra zwj
r            <> ra
l            <> la
v            <> va
s acute    <> sha
s dotbelow <> ssa
s          <> sa
h          <> ha
l dotbelow   <> lla
degree  <> abbrev
bar     <> danda
bar bar <> dbldanda
UniClass[vyanjana] = (ka .. ha extravyanjana)

; colon / [vyanjana] _ [vyanjana]  <> virama zwj

colon <> zwj
; pass(Unicode)
;
; UniClass[vyanjana] = (ka .. ha)
;
; lla / [vyanjana] _ > lsvara
; lla / # _ > lsvara
; lla / _ # > lsvara
pass(unicode)
UniClass[svaras] = (udatta anudatta)
UniClass[bindus] = (anusvara candrabindu)

[svaras]=v1 [bindus]=b1 > @b1 @v1
pass(Unicode)

UniClass[vyanjana] = (ka .. ha extravyanjana)

UniClass[svara] = (         Asvara \
                   isvara   Isvara \
                   usvara   Usvara \
                   rsvara   Rsvara \
                   lsvara   Lsvara \
                   ecandra esvara Esvara \
                   aisvara \
                   ocandra osvara Osvara \
                   ausvara)

UniClass[matra] = (       Amatra \
                   imatra Imatra \
                   umatra Umatra \
                   rmatra Rmatra \
                   lmatra Lmatra \
                   ecandramatra ematra Ematra \
                   aimatra \
                   ocandramatra omatra Omatra \
                   aumatra)

[svara] / [vyanjana] _ > [matra]
UniClass[combiners] = ([matra] \
                       candrabindu anusvara visarga \
                       udatta anudatta \
)

[combiners]=c1 / # _ > nbsp @c1
pass(Unicode)

UniClass[vyanjana] = (ka .. ha extravyanjana)

[vyanjana] / _ [vyanjana] > [vyanjana] virama
pass(Unicode)

UniClass[vyanjana] = (ka .. ha extravyanjana)

UniClass[novirama] = (asvara Amatra \
                      imatra Imatra \
                      umatra Umatra \
                      rmatra Rmatra \
                      lmatra Lmatra \
                      ematra Ematra ecandramatra aimatra \
                      omatra Omatra ocandramatra aumatra \
                      virama)

[vyanjana] / _ ^[novirama] <> [vyanjana] virama
pass(Unicode)

UniClass[vyanjana] = (ka .. ha extravyanjana)

[vyanjana] asvara <> [vyanjana]
pass(Unicode)

qa > ka nukta
khha > kha nukta
ghha > ga nukta
fa > pha nukta
za > ja nukta


